
Copyright (C) 1994-2023 Synopsys, Inc.
This Synopsys software and all associated documentation are proprietary to Synopsys, Inc.
and may only be used pursuant to the terms and conditions of a written license agreement
with Synopsys, Inc. All other use, reproduction, modification, or distribution of the
Synopsys software or the associated documentation is strictly prohibited.
Tool: Synplify Pro (R)
Build: U-2023.03LR-1
Install: C:\lscc\radiant\2023.1\synpbase
OS: Windows 10 or later
Hostname: LAB223J

Implementation : impl_1

# Written on Thu Dec  5 11:43:45 2024

##### DESIGN INFO #######################################################

Top View:                "vga_controller"
Constraint File(s):      "Z:\ES4\ES4-fruit-salad-game\impl_1\fruitSalad_impl_1_cpe.ldc"




##### SUMMARY ############################################################

Found 0 issues in 0 out of 1 constraints


##### DETAILS ############################################################



Clock Relationships
*******************

Starting                                                      Ending                                                        |     rise to rise     |     fall to fall     |     rise to fall     |     fall to rise                     
---------------------------------------------------------------------------------------------------------------------------------------------------------------------------------------------------------------------------------------
System                                                        System                                                        |     5.000            |     No paths         |     No paths         |     No paths                         
mypll_ipgen_lscc_pll_Z1_layer1|outglobal_o_inferred_clock     mypll_ipgen_lscc_pll_Z1_layer1|outglobal_o_inferred_clock     |     5.000            |     No paths         |     No paths         |     No paths                         
nesclk_top|clk_inferred_clock                                 nesclk_top|clk_inferred_clock                                 |     5.000            |     No paths         |     No paths         |     No paths                         
nesclk_top|un1_output_inferred_clock                          mypll_ipgen_lscc_pll_Z1_layer1|outglobal_o_inferred_clock     |     No paths         |     No paths         |     No paths         |     Diff grp                         
nesclk_top|CTRLclk_inferred_clock                             nesclk_top|un1_output_inferred_clock                          |     No paths         |     No paths         |     Diff grp         |     No paths                         
nesclk_top|CTRLclk_inferred_clock                             nesclk_top|CTRLclk_inferred_clock                             |     5.000            |     No paths         |     No paths         |     No paths                         
=======================================================================================================================================================================================================================================
 Note: 'No paths' indicates there are no paths in the design for that pair of clock edges.
       'Diff grp' indicates that paths exist but the starting clock and ending clock are in different clock groups.


Unconstrained Start/End Points
******************************

p:HSYNC
p:NESclk
p:RGB[0]
p:RGB[1]
p:RGB[2]
p:RGB[3]
p:RGB[4]
p:RGB[5]
p:VSYNC
p:buttonout[0]
p:buttonout[1]
p:buttonout[2]
p:buttonout[3]
p:buttonout[4]
p:buttonout[5]
p:buttonout[6]
p:buttonout[7]
p:data
p:ext_osc_test
p:external_osc
p:latch
p:led


Inapplicable constraints
************************

(none)


Applicable constraints with issues
**********************************

(none)


Constraints with matching wildcard expressions
**********************************************

(none)


Library Report
**************


# End of Constraint Checker Report
