

@S |Clock Optimization Summary



#### START OF PREMAP CLOCK OPTIMIZATION REPORT #####[

1 non-gated/non-generated clock tree(s) driving 17 clock pin(s) of sequential element(s)
3 gated/generated clock tree(s) driving 274 clock pin(s) of sequential element(s)
0 instances converted, 274 sequential instances remain driven by gated/generated clocks

==================================== Non-Gated/Non-Generated Clocks =====================================
Clock Tree ID     Driving Element                Drive Element Type     Fanout     Sample Instance       
---------------------------------------------------------------------------------------------------------
@KP:ckid0_24      nesblock.instanceosc.CLKHF     HSOSC                  17         nesblock.counter[16:0]
=========================================================================================================
========================================================================== Gated/Generated Clocks ==========================================================================
Clock Tree ID     Driving Element                                Drive Element Type     Unconverted Fanout     Sample Instance                Explanation                   
----------------------------------------------------------------------------------------------------------------------------------------------------------------------------
@KP:ckid0_22      firstblock.lscc_pll_inst.u_PLL_B.OUTGLOBAL     PLL_B                  258                    secondblock.vertical[9:0]      Clock Optimization not enabled
@KP:ckid0_23      nesblock.CTRLclk.OUT                           and                    8                      nesblock.instanceshift.in7     Clock Optimization not enabled
@KP:ckid0_25      nesblock.un1_output.OUT                        and                    8                      nesblock.output[7:0]           Clock Optimization not enabled
============================================================================================================================================================================


##### END OF CLOCK OPTIMIZATION REPORT ######

